{"error":"Server failed to start", "code": 500}
{"error":"Server failed to start", "code": 500}



Server failed to start for 500
Server failed to start for 400
Server failed to start for 300
Server failed to start for 500
Server failed to start for 500
Server failed to start for 500
Server failed to start for 500